
> sepsense-login@0.0.0 start
> ng serve --host 127.0.0.1 --port 4200

> Building...
√ Building...
Initial chunk files | Names           |  Raw size
main.js             | main            |   2.96 kB | 
styles.css          | styles          | 850 bytes | 

                    | Initial total   |   3.81 kB

Lazy chunk files    | Names           |  Raw size
chunk-T25CWKJJ.js   | login           |   4.80 kB | 
chunk-BBJKGLJI.js   | forgot-password |   2.01 kB | 
chunk-5XTR5MAI.js   | register        |   1.94 kB | 
chunk-3PAORNKY.js   | home            |   1.57 kB | 

Application bundle generation complete. [1.265 seconds] - 2026-08-12T00:18:10.318Z

Watch mode enabled. Watching for file changes...
NOTE: Raw file sizes do not reflect development server per-request transformations.
  [32m➜[39m  [1mLocal[22m:   [36mhttp://127.0.0.1:[1m4200[22m/[39m
[2m7:18:11 p. m.[22m [36m[1m[vite][22m[39m [90m[2m(client)[22m[39m [optimizer] bundling dependencies...
> Changes detected. Rebuilding...
√ Changes detected. Rebuilding...
Initial chunk files | Names | Raw size
main.js             | main  |  2.81 kB | 

Application bundle generation complete. [0.125 seconds] - 2026-08-12T00:18:46.052Z

Page reload sent to client(s).
> Changes detected. Rebuilding...
√ Changes detected. Rebuilding...
Initial chunk files | Names | Raw size
main.js             | main  |  3.71 kB | 

Application bundle generation complete. [0.080 seconds] - 2026-08-12T00:22:06.243Z

Component update sent to client(s).
> Changes detected. Rebuilding...
√ Changes detected. Rebuilding...
Initial chunk files | Names | Raw size
main.js             | main  |  2.81 kB | 

Application bundle generation complete. [0.058 seconds] - 2026-08-12T00:22:14.622Z

Component update sent to client(s).
> Changes detected. Rebuilding...
√ Changes detected. Rebuilding...
Initial chunk files | Names | Raw size
main.js             | main  |  2.85 kB | 

Application bundle generation complete. [0.058 seconds] - 2026-08-12T00:22:17.931Z

Component update sent to client(s).
> Changes detected. Rebuilding...
√ Changes detected. Rebuilding...
Application bundle generation failed. [0.042 seconds] - 2026-08-12T00:22:19.835Z

> Changes detected. Rebuilding...
√ Changes detected. Rebuilding...
Application bundle generation failed. [0.046 seconds] - 2026-08-12T00:22:22.051Z

> Changes detected. Rebuilding...
√ Changes detected. Rebuilding...
Application bundle generation failed. [0.047 seconds] - 2026-08-12T00:22:24.982Z

> Changes detected. Rebuilding...
√ Changes detected. Rebuilding...
Application bundle generation failed. [0.050 seconds] - 2026-08-12T00:22:26.289Z

> Changes detected. Rebuilding...
√ Changes detected. Rebuilding...
Application bundle generation failed. [0.065 seconds] - 2026-08-12T00:22:27.820Z

> Changes detected. Rebuilding...
√ Changes detected. Rebuilding...
Application bundle generation failed. [0.040 seconds] - 2026-08-12T00:22:35.815Z

> Changes detected. Rebuilding...
√ Changes detected. Rebuilding...
Application bundle generation failed. [0.040 seconds] - 2026-08-12T00:22:37.181Z

> Changes detected. Rebuilding...
√ Changes detected. Rebuilding...
Application bundle generation failed. [0.001 seconds] - 2026-08-12T00:32:40.900Z

> Changes detected. Rebuilding...
√ Changes detected. Rebuilding...
Application bundle generation failed. [0.001 seconds] - 2026-08-12T00:32:46.506Z

> Changes detected. Rebuilding...
√ Changes detected. Rebuilding...
Application bundle generation failed. [0.062 seconds] - 2026-08-12T00:34:24.056Z

> Changes detected. Rebuilding...
√ Changes detected. Rebuilding...
Application bundle generation failed. [0.057 seconds] - 2026-08-12T00:34:28.382Z

> Changes detected. Rebuilding...
√ Changes detected. Rebuilding...
Application bundle generation failed. [0.085 seconds] - 2026-08-12T00:35:04.021Z

> Changes detected. Rebuilding...
√ Changes detected. Rebuilding...
Application bundle generation failed. [0.056 seconds] - 2026-08-12T00:35:20.987Z

> Changes detected. Rebuilding...
√ Changes detected. Rebuilding...
Application bundle generation failed. [0.050 seconds] - 2026-08-12T00:35:24.448Z

> Changes detected. Rebuilding...
√ Changes detected. Rebuilding...
Application bundle generation failed. [0.069 seconds] - 2026-08-12T00:35:26.792Z

> Changes detected. Rebuilding...
√ Changes detected. Rebuilding...
Application bundle generation failed. [0.067 seconds] - 2026-08-12T00:35:29.946Z

> Changes detected. Rebuilding...
√ Changes detected. Rebuilding...
Application bundle generation failed. [0.056 seconds] - 2026-08-12T00:35:33.382Z

> Changes detected. Rebuilding...
√ Changes detected. Rebuilding...
Application bundle generation failed. [0.053 seconds] - 2026-08-12T00:35:36.390Z

> Changes detected. Rebuilding...
√ Changes detected. Rebuilding...
Application bundle generation failed. [0.053 seconds] - 2026-08-12T00:35:39.348Z

> Changes detected. Rebuilding...
√ Changes detected. Rebuilding...
Application bundle generation failed. [0.048 seconds] - 2026-08-12T00:35:48.019Z

> Changes detected. Rebuilding...
√ Changes detected. Rebuilding...
Application bundle generation failed. [0.051 seconds] - 2026-08-12T00:35:56.965Z

> Changes detected. Rebuilding...
√ Changes detected. Rebuilding...
Application bundle generation failed. [0.056 seconds] - 2026-08-12T00:36:00.883Z

> Changes detected. Rebuilding...
√ Changes detected. Rebuilding...
Application bundle generation failed. [0.049 seconds] - 2026-08-12T00:36:05.921Z

> Changes detected. Rebuilding...
√ Changes detected. Rebuilding...
Application bundle generation failed. [0.052 seconds] - 2026-08-12T00:36:09.272Z

> Changes detected. Rebuilding...
√ Changes detected. Rebuilding...
Application bundle generation failed. [0.052 seconds] - 2026-08-12T00:36:20.375Z

> Changes detected. Rebuilding...
√ Changes detected. Rebuilding...
Application bundle generation failed. [0.053 seconds] - 2026-08-12T00:36:24.786Z

> Changes detected. Rebuilding...
√ Changes detected. Rebuilding...
Application bundle generation failed. [0.051 seconds] - 2026-08-12T00:36:31.571Z

> Changes detected. Rebuilding...
√ Changes detected. Rebuilding...
Application bundle generation failed. [0.054 seconds] - 2026-08-12T00:36:34.837Z

> Changes detected. Rebuilding...
√ Changes detected. Rebuilding...
Application bundle generation failed. [0.048 seconds] - 2026-08-12T00:36:37.655Z

> Changes detected. Rebuilding...
√ Changes detected. Rebuilding...
Application bundle generation failed. [0.063 seconds] - 2026-08-12T00:36:39.112Z

> Changes detected. Rebuilding...
√ Changes detected. Rebuilding...
Application bundle generation failed. [0.057 seconds] - 2026-08-12T00:36:41.248Z

> Changes detected. Rebuilding...
√ Changes detected. Rebuilding...
Application bundle generation failed. [0.048 seconds] - 2026-08-12T00:36:50.437Z

> Changes detected. Rebuilding...
√ Changes detected. Rebuilding...
Application bundle generation failed. [0.055 seconds] - 2026-08-12T00:36:52.909Z

> Changes detected. Rebuilding...
√ Changes detected. Rebuilding...
Application bundle generation failed. [0.053 seconds] - 2026-08-12T00:36:56.422Z

> Changes detected. Rebuilding...
√ Changes detected. Rebuilding...
Application bundle generation failed. [0.060 seconds] - 2026-08-12T00:36:58.317Z

> Changes detected. Rebuilding...
√ Changes detected. Rebuilding...
Application bundle generation failed. [0.070 seconds] - 2026-08-12T00:37:01.168Z

> Changes detected. Rebuilding...
√ Changes detected. Rebuilding...
Application bundle generation failed. [0.054 seconds] - 2026-08-12T00:37:02.464Z

> Changes detected. Rebuilding...
√ Changes detected. Rebuilding...
Application bundle generation failed. [0.055 seconds] - 2026-08-12T00:37:03.867Z

> Changes detected. Rebuilding...
√ Changes detected. Rebuilding...
Application bundle generation failed. [0.052 seconds] - 2026-08-12T00:37:06.132Z

> Changes detected. Rebuilding...
√ Changes detected. Rebuilding...
Application bundle generation failed. [0.051 seconds] - 2026-08-12T00:37:08.204Z

> Changes detected. Rebuilding...
√ Changes detected. Rebuilding...
Application bundle generation failed. [0.061 seconds] - 2026-08-12T00:37:22.729Z

> Changes detected. Rebuilding...
√ Changes detected. Rebuilding...
Application bundle generation failed. [0.065 seconds] - 2026-08-12T00:37:25.025Z

> Changes detected. Rebuilding...
√ Changes detected. Rebuilding...
Application bundle generation failed. [0.067 seconds] - 2026-08-12T00:37:28.589Z

> Changes detected. Rebuilding...
√ Changes detected. Rebuilding...
Application bundle generation failed. [0.046 seconds] - 2026-08-12T00:37:30.520Z

> Changes detected. Rebuilding...
√ Changes detected. Rebuilding...
Application bundle generation failed. [0.054 seconds] - 2026-08-12T00:37:34.504Z

